
> frontend@0.1.0 build
> next build --webpack

node.exe : [baseline-browser-mapping] The data in this module is over two months old.  To ensure accurate Baseline data, please update: `npm i 
baseline-browser-mapping@latest -D`
At line:1 char:1
+ & "C:\Program Files\nodejs/node.exe" "C:\Users\fabat\AppData\Roaming\ ...
+ ~~~~~~~~~~~~~~~~~~~~~~~~~~~~~~~~~~~~~~~~~~~~~~~~~~~~~~~~~~~~~~~~~~~~~
    + CategoryInfo          : NotSpecified: ([baseline-brows...ping@latest -D`:String) [], RemoteException
    + FullyQualifiedErrorId : NativeCommandError
 
 Ô¿» Unable to acquire lock at C:\Users\fabat\Desktop\dashtact\kirotest\frontend\.next\lock, is another instance of next build running?
   Suggestion: If you intended to restart next build, terminate the other process, and then try again.
